// Vitest Snapshot v1

exports[`ExposeAppConfig > can expose the app config correctly 1`] = `
<script
  dangerouslySetInnerHTML={
    {
      "__html": "window.appConfig = {\\"hotjarId\\":\\"a-hotjar-id\\",\\"googleAnalyticsId\\":\\"ga-id\\",\\"visitorId\\":\\"a-visitor-id\\",\\"isProduction\\":true,\\"splitToken\\":\\"a-split-token\\",\\"cookieYesToken\\":\\"a-cookieyes-token\\",\\"version\\":\\"0.0.0-dev\\",\\"sentryDsn\\":\\"a-sentry-dsn\\",\\"posthogApi\\":\\"a-posthog-api\\",\\"posthogToken\\":\\"a-posthog-token\\"}",
    }
  }
  id="app-config"
  suppressHydrationWarning={true}
/>
`;
